// Jest Snapshot v1, https://goo.gl/fbAQLP

exports[`<Hero /> matches snapshot 1`] = `
<section
  className="hero"
>
  <div
    className="hero-body"
  >
    <div
      className="container"
    >
      <h1
        className="title"
      >
        Custom title
      </h1>
    </div>
  </div>
</section>
`;
